2026-07-24 22:52:49 | 08_train_fusion | INFO | ============================================================
2026-07-24 22:52:49 | 08_train_fusion | INFO | SCRIPT: 08_train_fusion.py -- GNN + Transformer + Cross-Attention Fusion
2026-07-24 22:52:49 | 08_train_fusion | INFO | ============================================================
2026-07-24 22:52:49 | 08_train_fusion | INFO | Fusion dataset: 562 compounds with graph + expression
2026-07-24 22:52:49 | 08_train_fusion | INFO | Fusion dataset: 562 compounds
2026-07-24 22:52:49 | 08_train_fusion | INFO | Label balance: 445 positive (79.2%)
2026-07-24 22:52:50 | 08_train_fusion | INFO | FusionClassifier parameter counts:
2026-07-24 22:52:50 | 08_train_fusion | INFO |   gnn_encoder: 1,293,444
2026-07-24 22:52:50 | 08_train_fusion | INFO |   transformer_encoder: 754,048
2026-07-24 22:52:50 | 08_train_fusion | INFO |   fusion: 298,624
2026-07-24 22:52:50 | 08_train_fusion | INFO |   classifier: 75,137
2026-07-24 22:52:50 | 08_train_fusion | INFO |   total: 2,421,253
2026-07-24 22:52:50 | 08_train_fusion | INFO | Initialized GNN encoder from: models/checkpoints/gnn_best.pt
2026-07-24 22:52:50 | 08_train_fusion | INFO | Initialized Transformer encoder from: models/checkpoints/transformer_best.pt
2026-07-24 22:52:50 | 08_train_fusion | INFO | Starting Fusion model training...
2026-07-24 22:59:01 | 08_train_fusion | INFO | Training history saved to: C:\Users\patel\Desktop\group_project\cardiotox-fusion\results\fusion_training_history.json
2026-07-24 22:59:01 | 08_train_fusion | INFO | Loaded best checkpoint (epoch 2, val AUC=0.8209)
2026-07-24 22:59:06 | 08_train_fusion | INFO | ============================================================
2026-07-24 22:59:06 | 08_train_fusion | INFO | FUSION MODEL -- TEST SET RESULTS
2026-07-24 22:59:06 | 08_train_fusion | INFO |   AUC-ROC  : 0.7811
2026-07-24 22:59:06 | 08_train_fusion | INFO |   AUC-PR   : 0.9368
2026-07-24 22:59:06 | 08_train_fusion | INFO |   F1 Score : 0.6731
2026-07-24 22:59:06 | 08_train_fusion | INFO |   Accuracy : 0.6000
2026-07-24 22:59:06 | 08_train_fusion | INFO |   Test Loss: 0.0000
2026-07-24 22:59:06 | 08_train_fusion | INFO | ============================================================
2026-07-24 22:59:06 | 08_train_fusion | INFO | Test results saved to: C:\Users\patel\Desktop\group_project\cardiotox-fusion\results\fusion_test_results.json
2026-07-24 22:59:06 | 08_train_fusion | INFO | 08_train_fusion.py COMPLETE
2026-07-25 21:43:33 | 08_train_fusion | INFO | ============================================================
2026-07-25 21:43:33 | 08_train_fusion | INFO | SCRIPT: 08_train_fusion.py -- GNN + Transformer + Cross-Attention Fusion
2026-07-25 21:43:33 | 08_train_fusion | INFO | ============================================================
2026-07-25 21:43:33 | 08_train_fusion | INFO | Fusion dataset: 562 compounds with graph + expression
2026-07-25 21:43:33 | 08_train_fusion | INFO | Fusion dataset: 562 compounds
2026-07-25 21:43:34 | 08_train_fusion | INFO | Label balance: 445 positive (79.2%)
2026-07-25 21:43:34 | 08_train_fusion | INFO | FusionClassifier parameter counts:
2026-07-25 21:43:34 | 08_train_fusion | INFO |   gnn_encoder: 1,293,444
2026-07-25 21:43:34 | 08_train_fusion | INFO |   transformer_encoder: 754,048
2026-07-25 21:43:34 | 08_train_fusion | INFO |   fusion: 298,624
2026-07-25 21:43:34 | 08_train_fusion | INFO |   classifier: 75,137
2026-07-25 21:43:34 | 08_train_fusion | INFO |   total: 2,421,253
2026-07-25 21:43:34 | 08_train_fusion | INFO | Initialized GNN encoder from: models/checkpoints/gnn_best.pt
2026-07-25 21:43:34 | 08_train_fusion | INFO | Initialized Transformer encoder from: models/checkpoints/transformer_best.pt
2026-07-25 21:43:34 | 08_train_fusion | INFO | Starting Fusion model training...
2026-07-25 21:52:50 | 08_train_fusion | INFO | Training history saved to: C:\Users\patel\Desktop\group_project\cardiotox-fusion\results\fusion_training_history.json
2026-07-25 21:52:50 | 08_train_fusion | INFO | Loaded best checkpoint (epoch 72, val AUC=0.7287)
2026-07-25 21:52:51 | 08_train_fusion | INFO | ============================================================
2026-07-25 21:52:51 | 08_train_fusion | INFO | FUSION MODEL -- TEST SET RESULTS
2026-07-25 21:52:51 | 08_train_fusion | INFO |   AUC-ROC  : 0.6385
2026-07-25 21:52:51 | 08_train_fusion | INFO |   AUC-PR   : 0.8737
2026-07-25 21:52:51 | 08_train_fusion | INFO |   F1 Score : 0.8120
2026-07-25 21:52:51 | 08_train_fusion | INFO |   Accuracy : 0.7059
2026-07-25 21:52:51 | 08_train_fusion | INFO |   Test Loss: 0.0000
2026-07-25 21:52:51 | 08_train_fusion | INFO | ============================================================
2026-07-25 21:52:51 | 08_train_fusion | INFO | Test results saved to: C:\Users\patel\Desktop\group_project\cardiotox-fusion\results\fusion_test_results.json
2026-07-25 21:52:51 | 08_train_fusion | INFO | 08_train_fusion.py COMPLETE
2026-07-25 22:01:11 | 08_train_fusion | INFO | ============================================================
2026-07-25 22:01:11 | 08_train_fusion | INFO | SCRIPT: 08_train_fusion.py -- GNN + Transformer + Cross-Attention Fusion
2026-07-25 22:01:11 | 08_train_fusion | INFO | ============================================================
2026-07-25 22:01:11 | 08_train_fusion | INFO | Fusion dataset: 562 compounds with graph + expression
2026-07-25 22:01:11 | 08_train_fusion | INFO | Fusion dataset: 562 compounds
2026-07-25 22:01:11 | 08_train_fusion | INFO | Label balance: 445 positive (79.2%)
2026-07-25 22:01:11 | 08_train_fusion | INFO | FusionClassifier parameter counts:
2026-07-25 22:01:11 | 08_train_fusion | INFO |   gnn_encoder: 1,293,444
2026-07-25 22:01:11 | 08_train_fusion | INFO |   transformer_encoder: 754,048
2026-07-25 22:01:11 | 08_train_fusion | INFO |   fusion: 298,624
2026-07-25 22:01:11 | 08_train_fusion | INFO |   classifier: 75,137
2026-07-25 22:01:11 | 08_train_fusion | INFO |   total: 2,421,253
2026-07-25 22:01:11 | 08_train_fusion | INFO | Initialized GNN encoder from: models/checkpoints/gnn_best.pt
2026-07-25 22:01:11 | 08_train_fusion | INFO | Initialized Transformer encoder from: models/checkpoints/transformer_best.pt
2026-07-25 22:01:11 | 08_train_fusion | INFO | Encoders frozen. Trainable parameters: 373,761
2026-07-25 22:01:12 | 08_train_fusion | INFO | Starting Fusion model training...
2026-07-25 22:05:28 | 08_train_fusion | INFO | Training history saved to: C:\Users\patel\Desktop\group_project\cardiotox-fusion\results\fusion_training_history.json
2026-07-25 22:05:28 | 08_train_fusion | INFO | Loaded best checkpoint (epoch 38, val AUC=0.6093)
2026-07-25 22:05:29 | 08_train_fusion | INFO | ============================================================
2026-07-25 22:05:29 | 08_train_fusion | INFO | FUSION MODEL -- TEST SET RESULTS
2026-07-25 22:05:29 | 08_train_fusion | INFO |   AUC-ROC  : 0.6957
2026-07-25 22:05:29 | 08_train_fusion | INFO |   AUC-PR   : 0.9090
2026-07-25 22:05:29 | 08_train_fusion | INFO |   F1 Score : 0.7193
2026-07-25 22:05:29 | 08_train_fusion | INFO |   Accuracy : 0.6235
2026-07-25 22:05:29 | 08_train_fusion | INFO |   Test Loss: 0.0000
2026-07-25 22:05:29 | 08_train_fusion | INFO | ============================================================
2026-07-25 22:05:29 | 08_train_fusion | INFO | Test results saved to: C:\Users\patel\Desktop\group_project\cardiotox-fusion\results\fusion_test_results.json
2026-07-25 22:05:29 | 08_train_fusion | INFO | 08_train_fusion.py COMPLETE
